Bond s-vectors:
B1
[[-0.         -0.78654793  0.61752923]
 [ 0.          0.78654793 -0.61752923]
 [-0.          0.          0.        ]]
B2
[[-0.         -0.          0.        ]
 [ 0.         -0.78654793 -0.61752923]
 [-0.          0.78654793  0.61752923]]
Angle s-vectors:
A1
[[ 0.         -0.64472375 -0.82118562]
 [-0.          0.          1.64237125]
 [ 0.          0.64472375 -0.82118562]]
