[ 1.7835618   2.63533058  0.        ]
[ 1.7835618   2.63533058  0.        ]
0
[[ 0.         -0.00267344 -0.00121727]
 [ 0.          0.          0.00243454]
 [ 0.          0.00267344 -0.00121727]]
[[-0.         -1.42366535  0.99264702]
 [ 0.          0.         -0.12509157]
 [-0.          1.42366535  0.99264702]]
[[ 0.         -1.42633879  0.99142975]
 [ 0.          0.         -0.12265703]
 [ 0.          1.42633879  0.99142975]]
1
[[ 0.         -1.72821536  0.2407524 ]
 [ 0.          0.         -0.48150481]
 [ 0.          1.72821536  0.2407524 ]]
[[ 0.         -1.42633879  0.99142975]
 [ 0.          0.         -0.12265703]
 [ 0.          1.42633879  0.99142975]]
[[ 0.         -3.15455415  1.23218215]
 [ 0.          0.         -0.60416183]
 [ 0.          3.15455415  1.23218215]]
2
[[ 0.          0.34841584  0.11380984]
 [ 0.          0.         -0.22761968]
 [ 0.         -0.34841584  0.11380984]]
[[ 0.         -3.15455415  1.23218215]
 [ 0.          0.         -0.60416183]
 [ 0.          3.15455415  1.23218215]]
[[ 0.         -2.80613831  1.34599199]
 [ 0.          0.         -0.83178151]
 [ 0.          2.80613831  1.34599199]]
3
[[ 0.         -1.16523191  0.21890186]
 [ 0.          0.         -0.43780371]
 [ 0.          1.16523191  0.21890186]]
[[ 0.         -2.80613831  1.34599199]
 [ 0.          0.         -0.83178151]
 [ 0.          2.80613831  1.34599199]]
[[ 0.         -3.97137022  1.56489385]
 [ 0.          0.         -1.26958522]
 [ 0.          3.97137022  1.56489385]]
4
[[ 0.         -0.20396829  0.16835304]
 [ 0.          0.         -0.33670608]
 [ 0.          0.20396829  0.16835304]]
[[ 0.         -3.97137022  1.56489385]
 [ 0.          0.         -1.26958522]
 [ 0.          3.97137022  1.56489385]]
[[ 0.         -4.17533851  1.73324688]
 [ 0.          0.         -1.6062913 ]
 [ 0.          4.17533851  1.73324688]]
5
[[ 0.         -1.58067741  0.01181909]
 [ 0.          0.         -0.02363818]
 [ 0.          1.58067741  0.01181909]]
[[ 0.         -4.17533851  1.73324688]
 [ 0.          0.         -1.6062913 ]
 [ 0.          4.17533851  1.73324688]]
[[ 0.         -5.75601592  1.74506597]
 [ 0.          0.         -1.62992947]
 [ 0.          5.75601592  1.74506597]]
6
[[ 0.          0.536148    0.35112833]
 [ 0.          0.         -0.70225667]
 [ 0.         -0.536148    0.35112833]]
[[ 0.         -5.75601592  1.74506597]
 [ 0.          0.         -1.62992947]
 [ 0.          5.75601592  1.74506597]]
[[ 0.         -5.21986791  2.09619431]
 [ 0.          0.         -2.33218614]
 [ 0.          5.21986791  2.09619431]]
7
[[ 0.         -0.98219667 -0.07808478]
 [ 0.          0.          0.15616957]
 [ 0.          0.98219667 -0.07808478]]
[[ 0.         -5.21986791  2.09619431]
 [ 0.          0.         -2.33218614]
 [ 0.          5.21986791  2.09619431]]
[[ 0.         -6.20206459  2.01810952]
 [ 0.          0.         -2.17601657]
 [ 0.          6.20206459  2.01810952]]
8
[[ 0.         -0.14985408  0.36826992]
 [ 0.          0.         -0.73653985]
 [ 0.          0.14985408  0.36826992]]
[[ 0.         -6.20206459  2.01810952]
 [ 0.          0.         -2.17601657]
 [ 0.          6.20206459  2.01810952]]
[[ 0.         -6.35191867  2.38637945]
 [ 0.          0.         -2.91255642]
 [ 0.          6.35191867  2.38637945]]
9
[[ 0.         -1.41048325 -0.22372712]
 [ 0.          0.          0.44745423]
 [ 0.          1.41048325 -0.22372712]]
[[ 0.         -6.35191867  2.38637945]
 [ 0.          0.         -2.91255642]
 [ 0.          6.35191867  2.38637945]]
[[ 0.         -7.76240192  2.16265233]
 [ 0.          0.         -2.46510219]
 [ 0.          7.76240192  2.16265233]]
10
[[ 0.          0.04980305  0.1549208 ]
 [ 0.          0.         -0.30984159]
 [ 0.         -0.04980305  0.1549208 ]]
[[ 0.         -7.76240192  2.16265233]
 [ 0.          0.         -2.46510219]
 [ 0.          7.76240192  2.16265233]]
[[ 0.         -7.71259887  2.31757312]
 [ 0.          0.         -2.77494378]
 [ 0.          7.71259887  2.31757312]]
11
[[ 0.         -1.95114427 -0.10376118]
 [ 0.          0.          0.20752236]
 [ 0.          1.95114427 -0.10376118]]
[[ 0.         -7.71259887  2.31757312]
 [ 0.          0.         -2.77494378]
 [ 0.          7.71259887  2.31757312]]
[[ 0.         -9.66374314  2.21381195]
 [ 0.          0.         -2.56742142]
 [ 0.          9.66374314  2.21381195]]
12
[[ 0.          0.69486913  0.20543895]
 [ 0.          0.         -0.4108779 ]
 [ 0.         -0.69486913  0.20543895]]
[[ 0.         -9.66374314  2.21381195]
 [ 0.          0.         -2.56742142]
 [ 0.          9.66374314  2.21381195]]
[[ 0.         -8.96887401  2.41925089]
 [ 0.          0.         -2.97829932]
 [ 0.          8.96887401  2.41925089]]
13
[[ 0.         -0.7628073   0.15171732]
 [ 0.          0.         -0.30343464]
 [ 0.          0.7628073   0.15171732]]
[[ 0.         -8.96887401  2.41925089]
 [ 0.          0.         -2.97829932]
 [ 0.          8.96887401  2.41925089]]
[[ 0.         -9.73168131  2.57096821]
 [ 0.          0.         -3.28173396]
 [ 0.          9.73168131  2.57096821]]
14
[[ 0.         -0.58501654  0.24908033]
 [ 0.          0.         -0.49816066]
 [ 0.          0.58501654  0.24908033]]
[[ 0.         -9.73168131  2.57096821]
 [ 0.          0.         -3.28173396]
 [ 0.          9.73168131  2.57096821]]
[[  0.         -10.31669785   2.82004854]
 [  0.           0.          -3.77989461]
 [  0.          10.31669785   2.82004854]]
15
[[ 0.         -0.94924188  0.06166195]
 [ 0.          0.         -0.12332391]
 [ 0.          0.94924188  0.06166195]]
[[  0.         -10.31669785   2.82004854]
 [  0.           0.          -3.77989461]
 [  0.          10.31669785   2.82004854]]
[[  0.         -11.26593974   2.8817105 ]
 [  0.           0.          -3.90321852]
 [  0.          11.26593974   2.8817105 ]]
16
[[ 0.         -0.13683107  0.39681904]
 [ 0.          0.         -0.79363807]
 [ 0.          0.13683107  0.39681904]]
[[  0.         -11.26593974   2.8817105 ]
 [  0.           0.          -3.90321852]
 [  0.          11.26593974   2.8817105 ]]
[[  0.         -11.4027708    3.27852953]
 [  0.           0.          -4.69685659]
 [  0.          11.4027708    3.27852953]]
17
[[ 0.         -1.36768648 -0.25055817]
 [ 0.          0.          0.50111634]
 [ 0.          1.36768648 -0.25055817]]
[[  0.         -11.4027708    3.27852953]
 [  0.           0.          -4.69685659]
 [  0.          11.4027708    3.27852953]]
[[  0.         -12.77045728   3.02797136]
 [  0.           0.          -4.19574026]
 [  0.          12.77045728   3.02797136]]
18
[[ 0.         -0.01656088  0.12749965]
 [ 0.          0.         -0.2549993 ]
 [ 0.          0.01656088  0.12749965]]
[[  0.         -12.77045728   3.02797136]
 [  0.           0.          -4.19574026]
 [  0.          12.77045728   3.02797136]]
[[  0.         -12.78701816   3.15547101]
 [  0.           0.          -4.45073955]
 [  0.          12.78701816   3.15547101]]
19
[[ 0.         -2.08861479 -0.11647921]
 [ 0.          0.          0.23295843]
 [ 0.          2.08861479 -0.11647921]]
[[  0.         -12.78701816   3.15547101]
 [  0.           0.          -4.45073955]
 [  0.          12.78701816   3.15547101]]
[[  0.         -14.87563296   3.0389918 ]
 [  0.           0.          -4.21778112]
 [  0.          14.87563296   3.0389918 ]]
20
[[ 0.          0.797966    0.17265522]
 [ 0.          0.         -0.34531043]
 [ 0.         -0.797966    0.17265522]]
[[  0.         -14.87563296   3.0389918 ]
 [  0.           0.          -4.21778112]
 [  0.          14.87563296   3.0389918 ]]
[[  0.         -14.07766696   3.21164701]
 [  0.           0.          -4.56309156]
 [  0.          14.07766696   3.21164701]]
21
[[ 0.         -0.5776394   0.21817535]
 [ 0.          0.         -0.43635069]
 [ 0.          0.5776394   0.21817535]]
[[  0.         -14.07766696   3.21164701]
 [  0.           0.          -4.56309156]
 [  0.          14.07766696   3.21164701]]
[[  0.         -14.65530636   3.42982236]
 [  0.           0.          -4.99944225]
 [  0.          14.65530636   3.42982236]]
22
[[ 0.         -0.94327021  0.10524231]
 [ 0.          0.         -0.21048462]
 [ 0.          0.94327021  0.10524231]]
[[  0.         -14.65530636   3.42982236]
 [  0.           0.          -4.99944225]
 [  0.          14.65530636   3.42982236]]
[[  0.         -15.59857657   3.53506467]
 [  0.           0.          -5.20992687]
 [  0.          15.59857657   3.53506467]]
23
[[ 0.         -0.26101253  0.32919306]
 [ 0.          0.         -0.65838613]
 [ 0.          0.26101253  0.32919306]]
[[  0.         -15.59857657   3.53506467]
 [  0.           0.          -5.20992687]
 [  0.          15.59857657   3.53506467]]
[[  0.         -15.8595891    3.86425773]
 [  0.           0.          -5.86831299]
 [  0.          15.8595891    3.86425773]]
24
[[ 0.        -1.3458549 -0.145852 ]
 [ 0.         0.         0.291704 ]
 [ 0.         1.3458549 -0.145852 ]]
[[  0.         -15.8595891    3.86425773]
 [  0.           0.          -5.86831299]
 [  0.          15.8595891    3.86425773]]
[[  0.         -17.205444     3.71840573]
 [  0.           0.          -5.57660899]
 [  0.          17.205444     3.71840573]]
25
[[ 0.          0.07940085  0.24674741]
 [ 0.          0.         -0.49349481]
 [ 0.         -0.07940085  0.24674741]]
[[  0.         -17.205444     3.71840573]
 [  0.           0.          -5.57660899]
 [  0.          17.205444     3.71840573]]
[[  0.         -17.12604315   3.96515314]
 [  0.           0.          -6.07010381]
 [  0.          17.12604315   3.96515314]]
26
[[ 0.         -1.73310285 -0.16074377]
 [ 0.          0.          0.32148754]
 [ 0.          1.73310285 -0.16074377]]
[[  0.         -17.12604315   3.96515314]
 [  0.           0.          -6.07010381]
 [  0.          17.12604315   3.96515314]]
[[  0.         -18.859146     3.80440937]
 [  0.           0.          -5.74861627]
 [  0.          18.859146     3.80440937]]
27
[[ 0.          0.42924444  0.18813913]
 [ 0.          0.         -0.37627827]
 [ 0.         -0.42924444  0.18813913]]
[[  0.         -18.859146     3.80440937]
 [  0.           0.          -5.74861627]
 [  0.          18.859146     3.80440937]]
[[  0.         -18.42990156   3.9925485 ]
 [  0.           0.          -6.12489454]
 [  0.          18.42990156   3.9925485 ]]
28
[[ 0.         -1.15363031  0.10438533]
 [ 0.          0.         -0.20877065]
 [ 0.          1.15363031  0.10438533]]
[[  0.         -18.42990156   3.9925485 ]
 [  0.           0.          -6.12489454]
 [  0.          18.42990156   3.9925485 ]]
[[  0.         -19.58353187   4.09693383]
 [  0.           0.          -6.33366519]
 [  0.          19.58353187   4.09693383]]
29
[[ 0.         -0.03842599  0.31537652]
 [ 0.          0.         -0.63075304]
 [ 0.          0.03842599  0.31537652]]
[[  0.         -19.58353187   4.09693383]
 [  0.           0.          -6.33366519]
 [  0.          19.58353187   4.09693383]]
[[  0.         -19.62195786   4.41231035]
 [  0.           0.          -6.96441824]
 [  0.          19.62195786   4.41231035]]
30
[[ 0.         -1.64795389 -0.2338563 ]
 [ 0.          0.          0.4677126 ]
 [ 0.          1.64795389 -0.2338563 ]]
[[  0.         -19.62195786   4.41231035]
 [  0.           0.          -6.96441824]
 [  0.          19.62195786   4.41231035]]
[[  0.         -21.26991175   4.17845405]
 [  0.           0.          -6.49670563]
 [  0.          21.26991175   4.17845405]]
31
[[ 0.          0.27652295  0.12754492]
 [ 0.          0.         -0.25508985]
 [ 0.         -0.27652295  0.12754492]]
[[  0.         -21.26991175   4.17845405]
 [  0.           0.          -6.49670563]
 [  0.          21.26991175   4.17845405]]
[[  0.         -20.99338881   4.30599898]
 [  0.           0.          -6.75179548]
 [  0.          20.99338881   4.30599898]]
32
[[ 0.         -1.36732272  0.14158815]
 [ 0.          0.         -0.2831763 ]
 [ 0.          1.36732272  0.14158815]]
[[  0.         -20.99338881   4.30599898]
 [  0.           0.          -6.75179548]
 [  0.          20.99338881   4.30599898]]
[[  0.         -22.36071152   4.44758712]
 [  0.           0.          -7.03497178]
 [  0.          22.36071152   4.44758712]]
33
[[ 0.          0.10712401  0.2495657 ]
 [ 0.          0.         -0.4991314 ]
 [ 0.         -0.10712401  0.2495657 ]]
[[  0.         -22.36071152   4.44758712]
 [  0.           0.          -7.03497178]
 [  0.          22.36071152   4.44758712]]
[[  0.         -22.25358751   4.69715282]
 [  0.           0.          -7.53410318]
 [  0.          22.25358751   4.69715282]]
34
[[ 0.         -1.68438239 -0.14644622]
 [ 0.          0.          0.29289244]
 [ 0.          1.68438239 -0.14644622]]
[[  0.         -22.25358751   4.69715282]
 [  0.           0.          -7.53410318]
 [  0.          22.25358751   4.69715282]]
[[  0.         -23.93796991   4.5507066 ]
 [  0.           0.          -7.24121074]
 [  0.          23.93796991   4.5507066 ]]
35
[[ 0.          0.40161117  0.20782563]
 [ 0.          0.         -0.41565127]
 [ 0.         -0.40161117  0.20782563]]
[[  0.         -23.93796991   4.5507066 ]
 [  0.           0.          -7.24121074]
 [  0.          23.93796991   4.5507066 ]]
[[  0.         -23.53635873   4.75853224]
 [  0.           0.          -7.656862  ]
 [  0.          23.53635873   4.75853224]]
36
[[ 0.         -1.21516091  0.06070035]
 [ 0.          0.         -0.1214007 ]
 [ 0.          1.21516091  0.06070035]]
[[  0.         -23.53635873   4.75853224]
 [  0.           0.          -7.656862  ]
 [  0.          23.53635873   4.75853224]]
[[  0.         -24.75151965   4.81923259]
 [  0.           0.          -7.77826271]
 [  0.          24.75151965   4.81923259]]
37
[[ 0.          0.11781579  0.36370908]
 [ 0.          0.         -0.72741816]
 [ 0.         -0.11781579  0.36370908]]
[[  0.         -24.75151965   4.81923259]
 [  0.           0.          -7.77826271]
 [  0.          24.75151965   4.81923259]]
[[  0.         -24.63370386   5.18294167]
 [  0.           0.          -8.50568086]
 [  0.          24.63370386   5.18294167]]
38
[[ 0.         -1.45467868 -0.23306804]
 [ 0.          0.          0.46613608]
 [ 0.          1.45467868 -0.23306804]]
[[  0.         -24.63370386   5.18294167]
 [  0.           0.          -8.50568086]
 [  0.          24.63370386   5.18294167]]
[[  0.         -26.08838254   4.94987363]
 [  0.           0.          -8.03954478]
 [  0.          26.08838254   4.94987363]]
39
[[ 0.          0.08630018  0.14236857]
 [ 0.          0.         -0.28473713]
 [ 0.         -0.08630018  0.14236857]]
[[  0.         -26.08838254   4.94987363]
 [  0.           0.          -8.03954478]
 [  0.          26.08838254   4.94987363]]
[[  0.         -26.00208235   5.09224219]
 [  0.           0.          -8.32428192]
 [  0.          26.00208235   5.09224219]]
40
[[ 0.         -1.87253839 -0.05328413]
 [ 0.          0.          0.10656827]
 [ 0.          1.87253839 -0.05328413]]
[[  0.         -26.00208235   5.09224219]
 [  0.           0.          -8.32428192]
 [  0.          26.00208235   5.09224219]]
[[  0.         -27.87462075   5.03895806]
 [  0.           0.          -8.21771365]
 [  0.          27.87462075   5.03895806]]
41
[[ 0.          0.7006365   0.25996076]
 [ 0.          0.         -0.51992153]
 [ 0.         -0.7006365   0.25996076]]
[[  0.         -27.87462075   5.03895806]
 [  0.           0.          -8.21771365]
 [  0.          27.87462075   5.03895806]]
[[  0.         -27.17398425   5.29891882]
 [  0.           0.          -8.73763517]
 [  0.          27.17398425   5.29891882]]
42
[[ 0.         -0.79541142  0.0733311 ]
 [ 0.          0.         -0.14666221]
 [ 0.          0.79541142  0.0733311 ]]
[[  0.         -27.17398425   5.29891882]
 [  0.           0.          -8.73763517]
 [  0.          27.17398425   5.29891882]]
[[  0.         -27.96939567   5.37224993]
 [  0.           0.          -8.88429738]
 [  0.          27.96939567   5.37224993]]
43
[[ 0.         -0.33485996  0.38929765]
 [ 0.          0.         -0.7785953 ]
 [ 0.          0.33485996  0.38929765]]
[[  0.         -27.96939567   5.37224993]
 [  0.           0.          -8.88429738]
 [  0.          27.96939567   5.37224993]]
[[  0.         -28.30425563   5.76154758]
 [  0.           0.          -9.66289269]
 [  0.          28.30425563   5.76154758]]
44
[[ 0.         -1.17039069 -0.17578335]
 [ 0.          0.          0.35156671]
 [ 0.          1.17039069 -0.17578335]]
[[  0.         -28.30425563   5.76154758]
 [  0.           0.          -9.66289269]
 [  0.          28.30425563   5.76154758]]
[[  0.         -29.47464633   5.58576422]
 [  0.           0.          -9.31132598]
 [  0.          29.47464633   5.58576422]]
45
[[ 0.         -0.14585047  0.22208727]
 [ 0.          0.         -0.44417455]
 [ 0.          0.14585047  0.22208727]]
[[  0.         -29.47464633   5.58576422]
 [  0.           0.          -9.31132598]
 [  0.          29.47464633   5.58576422]]
[[  0.         -29.6204968    5.8078515 ]
 [  0.           0.          -9.75550052]
 [  0.          29.6204968    5.8078515 ]]
46
[[ 0.         -1.66077522 -0.09632652]
 [ 0.          0.          0.19265304]
 [ 0.          1.66077522 -0.09632652]]
[[  0.         -29.6204968    5.8078515 ]
 [  0.           0.          -9.75550052]
 [  0.          29.6204968    5.8078515 ]]
[[  0.         -31.28127202   5.71152498]
 [  0.           0.          -9.56284749]
 [  0.          31.28127202   5.71152498]]
47
[[ 0.          0.45097051  0.25847387]
 [ 0.          0.         -0.51694774]
 [ 0.         -0.45097051  0.25847387]]
[[  0.         -31.28127202   5.71152498]
 [  0.           0.          -9.56284749]
 [  0.          31.28127202   5.71152498]]
[[  0.         -30.83030152   5.96999885]
 [  0.           0.         -10.07979523]
 [  0.          30.83030152   5.96999885]]
48
[[ 0.         -1.14377486  0.00712876]
 [ 0.          0.         -0.01425752]
 [ 0.          1.14377486  0.00712876]]
[[  0.         -30.83030152   5.96999885]
 [  0.           0.         -10.07979523]
 [  0.          30.83030152   5.96999885]]
[[  0.         -31.97407638   5.97712761]
 [  0.           0.         -10.09405275]
 [  0.          31.97407638   5.97712761]]
49
[[ 0.          0.19651924  0.44287349]
 [ 0.          0.         -0.88574699]
 [ 0.         -0.19651924  0.44287349]]
[[  0.         -31.97407638   5.97712761]
 [  0.           0.         -10.09405275]
 [  0.          31.97407638   5.97712761]]
[[  0.         -31.77755713   6.4200011 ]
 [  0.           0.         -10.97979974]
 [  0.          31.77755713   6.4200011 ]]
Traceback (most recent call last):
  File "MH_Main.py", line 38, in <module>
    MH_obj.run()
  File "/home/vulcan/mel64643/bin/MixedHessian/MH.py", line 67, in run
    transdisp.run()
  File "/home/vulcan/mel64643/bin/MixedHessian/TransDisp.py", line 83, in run
    raise RuntimeError
RuntimeError
