
 INTDER2005

 A GENERAL PROGRAM DEVELOPED BY WESLEY D. ALLEN AND CO-WORKERS
 WHICH PERFORMS VARIOUS VIBRATIONAL ANALYSES AND HIGHER-ORDER
 NONLINEAR TRANSFORMATIONS AMONG FORCE FIELD REPRESENTATIONS

   PROGRAM OPTIONS

   NA      NSYM       NEQ      NINV     NTEST     NFREQ      NVEC     NDISP
        NS      NDER      NPRT      NDUM     NGEOM     IRINT     NSTOP     NMODE
    3    3    3    2    0 2000    0    0    0    1    3    0    0    0    0    0


 NUCLEAR CARTESIAN COORDINATES (BOHR)

         0.0000000000       -1.4236653500        0.9926470200
         0.0000000000        0.0000000000       -0.1250915700
         0.0000000000        1.4236653500        0.9926470200


 DEFINITION OF INTERNAL COORDINATES

 SIMPLE INTERNAL COORDINATES

L( 1)=   STRE    2    1    0    0     
L( 2)=   STRE    3    2    0    0     
L( 3)=   BEND    3    2    1    0     

 SYMMETRY INTERNAL COORDINATES

S( 1)=  -0.0073858450 L( 1)   -0.0073858450 L( 2)    0.9999454478 L( 3)
S( 2)=   0.7064509659 L( 1)    0.7064509659 L( 2)    0.0430588601 L( 3)
S( 3)=  -0.7071067812 L( 1)    0.7071067812 L( 2)    0.0000000000 L( 3)



 VALUES OF SIMPLE INTERNAL COORDINATES (ANG. OR DEG.)

   1    0.9578199693   2    0.9578199693   3  103.7281405857



 VALUES OF SYMMETRY INTERNAL COORDINATES (ANG. OR RAD.)

   1    1.7961501994   2    1.4312593412   3    0.0000000000

 DETERMINANT OF B*BT MATRIX=  14.617    


 FINAL INTERNAL (SYMMETRY) COORDINATE FORCE CONSTANTS

 QUADRATIC FORCE CONSTANTS

    0.691833    0.000000   -0.000000
    0.000000    8.775241    0.000000
   -0.000000    0.000000    9.017114


 NORMAL MODE ANALYSIS IN INTERNAL COORDINATES


 NUCLEAR CARTESIAN COORDINATES (ANG.) AND MASSES

  ATOM    MASS             X             Y             Z

    1    1.007825     0.0000000000 -0.7533713134  0.5252862193
    2   15.994915     0.0000000000  0.0000000000 -0.0661956129
    3    1.007825     0.0000000000  0.7533713134  0.5252862193


 QUADRATIC FORCE CONSTANTS IN MDYN/A, MDYN/RAD, OR MDYN*A/RAD**2

    1  1  0.691833    1  2  0.000000    1  3  0.000000
    2  1  0.000000    2  2  8.775241    2  3  0.000000
    3  1  0.000000    3  2  0.000000    3  3  9.017114



 LOWEST EIGENVALUES OF THE G MATRIX

    1.034599    1.069593    2.333475



 VIBRATIONAL FREQUENCIES (CM-1) AND EIGENVECTORS


 ----------------------------------------
                1         2         3
 COORDINATE    1655.301    3925.457    4045.924
 ----------------------------------------
      1      1.5275715229  0.0000000009  0.0000000000
      2     -0.0000000004  1.0171521786  0.0000000000
      3      0.0000000000  0.0000000000  1.0342110741
 ----------------------------------------





 TOTAL ENERGY DISTRIBUTIONS (%)


 ----------------------------------------
                1         2         3
 COORDINATE  1655.301  3925.457  4045.924
 ----------------------------------------
      1     100.00000   0.00000   0.00000
      2       0.00000 100.00000   0.00000
      3       0.00000   0.00000 100.00000
 ----------------------------------------





 VIBRATIONAL ASSIGNMENTS


   MODE    CM-1                 DOMINANT COMPONENTS OF TED

     1    1655.3      1 (100.0)
     2    3925.5      2 (100.0)
     3    4045.9      3 (100.0)


 NORMAL MODE ANALYSIS IN CARTESIAN COORDINATES


 NUCLEAR CARTESIAN COORDINATES (ANG.) AND MASSES

  ATOM    MASS             X             Y             Z

    1    1.007825     0.0000000000 -0.7533713134  0.5252862193
    2   15.994915     0.0000000000  0.0000000000 -0.0661956129
    3    1.007825     0.0000000000  0.7533713134  0.5252862193


 QUADRATIC FORCE CONSTANTS IN HARTREE/BOHR**2

    1  1  0.000000    1  2  0.000000    1  3  0.000000    1  4  0.000000    1  5  0.000000    1  6  0.000000
    1  7  0.000000    1  8  0.000000    1  9  0.000000
    2  1  0.000000    2  2  0.389142    2  3 -0.249044    2  4  0.000000    2  5 -0.358310    2  6  0.216775
    2  7  0.000000    2  8 -0.030832    2  9  0.032269
    3  1  0.000000    3  2 -0.249044    3  3  0.231314    3  4  0.000000    3  5  0.281314    3  6 -0.241764
    3  7  0.000000    3  8 -0.032269    3  9  0.010451
    4  1  0.000000    4  2  0.000000    4  3  0.000000    4  4  0.000000    4  5  0.000000    4  6  0.000000
    4  7  0.000000    4  8  0.000000    4  9  0.000000
    5  1  0.000000    5  2 -0.358310    5  3  0.281314    5  4  0.000000    5  5  0.716620    5  6  0.000000
    5  7  0.000000    5  8 -0.358310    5  9 -0.281314
    6  1  0.000000    6  2  0.216775    6  3 -0.241764    6  4  0.000000    6  5  0.000000    6  6  0.483529
    6  7  0.000000    6  8 -0.216775    6  9 -0.241764
    7  1  0.000000    7  2  0.000000    7  3  0.000000    7  4  0.000000    7  5  0.000000    7  6  0.000000
    7  7  0.000000    7  8  0.000000    7  9  0.000000
    8  1  0.000000    8  2 -0.030832    8  3 -0.032269    8  4  0.000000    8  5 -0.358310    8  6 -0.216775
    8  7  0.000000    8  8  0.389142    8  9  0.249044
    9  1  0.000000    9  2  0.032269    9  3  0.010451    9  4  0.000000    9  5 -0.281314    9  6 -0.241764
    9  7  0.000000    9  8  0.249044    9  9  0.231314



 ZERO FREQUENCIES (CM-1)

     -0.0000      0.0000      0.0000      0.0000      0.0121      0.0338



 VIBRATIONAL FREQUENCIES (CM-1) AND EIGENVECTORS


 ----------------------------------------
                1         2         3
 COORDINATE    1655.301    3925.457    4045.924
 ----------------------------------------
      1      0.0000000000  0.0000000000  0.0000000000
      2     -0.4149846884  0.5691270386 -0.5336000753
      3     -0.5363354689 -0.3910743865  0.4189365144
      4      0.0000000000 -0.0000000000  0.0000000000
      5     -0.0000000000  0.0000000000  0.0672433078
      6      0.0675880171  0.0492824805 -0.0000000000
      7     -0.0000000000  0.0000000000 -0.0000000000
      8      0.4149846884 -0.5691270386 -0.5336000753
      9     -0.5363354689 -0.3910743865 -0.4189365144
 ----------------------------------------





   MODE    CM-1

     1    1655.3
     2    3925.5
     3    4045.9
