
General::obspkg: 
   VectorAnalysis` is now obsolete. The legacy version being loaded may
     conflict with current functionality. See the Compatibility Guide for
     updating information.

General::compat: 
   Combinatorica Graph and Permutations functionality has been superseded by
    preloaded functionality. The package now being loaded may conflict with
    this. Please see the Compatibility Guide for details.
{4.637504002798923, 0.9196757091665853, 1.92825406737404, -0.9878379493184094, 1.5529667234824296, 3.7259142300719206, 3.2876513416653146, 0.7968330394787565, 1.7973772253011393, 0.091010074654893, 0.48038770617061605, 0.9184043500157394}
{-1.3010774679855786*^-9, 3.486658528562003*^-8, -1.086259600047157*^-7, -1.4184093899416439*^-9, -3.801757042509735*^-8, -1.5328079250309656*^-8, 3.265314685307885*^-9, -6.221243520343478*^-9, -1.3379886065756352*^-7, -5.4451070041761085*^-9, -3.712938395628029*^-8, -6.318426060136773*^-8}
Without symmetry 25 displaced geometries are required

With symmetry 25 displaced geometries are required

[[ -1.37093789e+00  -2.45352786e-02   8.31727265e-04]
 [  1.30184829e+00   1.20545695e-01   3.34797970e-03]
 [ -2.07198675e+00   1.90293860e+00  -2.13589887e-03]
 [ -2.10517718e+00  -9.73848769e-01   1.67755186e+00]
 [ -2.10171460e+00  -9.77480307e-01  -1.67531866e+00]
 [  1.94110389e+00  -1.57275840e+00  -4.36999532e-03]]
[[ -1.37093794e+00  -2.45356846e-02  -8.23667456e-04]
 [  1.30184809e+00   1.20545968e-01  -3.34137954e-03]
 [ -2.07198775e+00   1.90293976e+00   2.97979850e-04]
 [ -2.10179524e+00  -9.75968703e-01   1.67615039e+00]
 [ -2.10509549e+00  -9.75361643e-01  -1.67672242e+00]
 [  1.94110409e+00  -1.57275816e+00   4.34611531e-03]]
Traceback (most recent call last):
  File "MH_Main.py", line 38, in <module>
    MH_obj.run()
  File "/home/vulcan/mel64643/bin/MixedHessian/MH.py", line 126, in run
    Dir_obj = DirectoryTree(progname, self.options.basis, self.options.charge, self.options.spin, self.zmat)
TypeError: __init__() missing 1 required positional argument: 'disps'
