
General::obspkg: 
   VectorAnalysis` is now obsolete. The legacy version being loaded may
     conflict with current functionality. See the Compatibility Guide for
     updating information.

General::compat: 
   Combinatorica Graph and Permutations functionality has been superseded by
    preloaded functionality. The package now being loaded may conflict with
    this. Please see the Compatibility Guide for details.
{4.637504002798923, 0.9196757091665853, 1.92825406737404, -0.9878379493184094, 1.5529667234824296, 3.7259142300719206, 3.2876513416653146, 0.7968330394787565, 1.7973772253011393, 0.091010074654893, 0.48038770617061605, 0.9184043500157394}
{-1.3010774679855786*^-9, 3.486658528562003*^-8, -1.086259600047157*^-7, -1.4184093899416439*^-9, -3.801757042509735*^-8, -1.5328079250309656*^-8, 3.265314685307885*^-9, -6.221243520343478*^-9, -1.3379886065756352*^-7, -5.4451070041761085*^-9, -3.712938395628029*^-8, -6.318426060136773*^-8}
Without symmetry 25 displaced geometries are required

With symmetry 25 displaced geometries are required


General::obspkg: 
   VectorAnalysis` is now obsolete. The legacy version being loaded may
     conflict with current functionality. See the Compatibility Guide for
     updating information.

General::compat: 
   Combinatorica Graph and Permutations functionality has been superseded by
    preloaded functionality. The package now being loaded may conflict with
    this. Please see the Compatibility Guide for details.
The energies at the displaced geometries:
MatrixForm[{{-115.580781755172993`17.062885627583295, -115.580781619281822`17.062885627072685, -115.580781658849091`17.06288562722136, -115.580779671764262`17.06288561975489, -115.58077967886679`17.06288561978158, -115.580766073433693`17.062885568659198, -115.580765811866684`17.06288556767636, -115.580779762006742`17.062885620093976, -115.580779770179959`17.06288562012469, -115.580778979021602`17.062885617151913, -115.580778950369407`17.06288561704425, -115.580765208594414`17.062885565409566, -115.580765277032256`17.062885565666722, -115.580773767284711`17.062885597568826, -115.580773724694353`17.06288559740879, -115.580765005514422`17.062885564646493, -115.580764954131439`17.06288556445342, -115.5807218205601`17.062885402379088, -115.580720277961603`17.062885396582775, -115.580723877348234`17.062885410107466, -115.580723888567988`17.062885410149626, -115.580722084911685`17.062885403372388, -115.580720122212512`17.062885395997547, -115.58068703378261`17.062885271667774, -115.580682952282288`17.062885256331537}}]
  basis=cc-pVTZ

This program took 276.2891070842743 seconds to run.
